// Jest Snapshot v1, https://goo.gl/fbAQLP

exports[`index should verify the API shape 1`] = `
Object {
  "BreakpointMap": undefined,
  "BreakpointValue": undefined,
  "BreakpointValues": undefined,
  "BreakpointValuesMap": undefined,
  "PropertyValue": undefined,
  "PropertyValues": undefined,
  "PropertyValuesMap": undefined,
  "breakpoints": [Function],
  "defaultBreakpointKey": [Function],
  "defaultBreakpoints": Object {
    "lg": 992,
    "md": 768,
    "sm": 576,
    "xl": 1200,
    "xs": 0,
  },
}
`;
