// Jest Snapshot v1, https://goo.gl/fbAQLP

exports[
  `<ThemeProvider /> should match the snapshot (gutterWidth set to 100) 1`
] = `
.c3 {
  position: relative;
  width: 100%;
  min-height: 1px;
}

.c1 {
  display: -webkit-box;
  display: -webkit-flex;
  display: -ms-flexbox;
  display: flex;
  margin-right: -50px;
  margin-left: -50px;
  -webkit-flex-wrap: wrap;
  -ms-flex-wrap: wrap;
  flex-wrap: wrap;
}

.c1 > .c2 {
  padding-right: 50px;
  padding-left: 50px;
}

.c0 {
  width: 100%;
  margin-right: auto;
  margin-left: auto;
  padding-right: 50px;
  padding-left: 50px;
}

@media (min-width:576px) {
  .c0 {
    max-width: 540px;
  }
}

@media (min-width:768px) {
  .c0 {
    max-width: 720px;
  }
}

@media (min-width:992px) {
  .c0 {
    max-width: 960px;
  }
}

@media (min-width:1200px) {
  .c0 {
    max-width: 1140px;
  }
}

<ThemeProvider
  theme={
    Object {
      "gutterWidth": 100,
    }
  }
>
  <styled.div>
    <div
      className="c0"
    >
      <styled.div>
        <div
          className="c1"
        >
          <styled.div>
            <div
              className="c2 c3"
            >
              Test
            </div>
          </styled.div>
        </div>
      </styled.div>
    </div>
  </styled.div>
</ThemeProvider>
`;
